Archive member included to satisfy reference by file (symbol)

/usr/lib/aarch64-linux-gnu/libc_nonshared.a(elf-init.oS)
                              /usr/lib/gcc/aarch64-linux-gnu/7/../../../aarch64-linux-gnu/Scrt1.o (__libc_csu_init)

As-needed library included to satisfy reference by file (symbol)

libc.so.6                     main.o (putchar@@GLIBC_2.17)

Allocating common symbols
Common symbol       size              file

buffer              0xa               main.o

Discarded input sections

 .note.GNU-stack
                0x0000000000000000        0x0 /usr/lib/gcc/aarch64-linux-gnu/7/../../../aarch64-linux-gnu/Scrt1.o
 .note.GNU-stack
                0x0000000000000000        0x0 /usr/lib/gcc/aarch64-linux-gnu/7/../../../aarch64-linux-gnu/crti.o
 .note.GNU-stack
                0x0000000000000000        0x0 /usr/lib/gcc/aarch64-linux-gnu/7/crtbeginS.o
 .note.GNU-stack
                0x0000000000000000        0x0 main.o
 .note.GNU-stack
                0x0000000000000000        0x0 memory.o
 .note.GNU-stack
                0x0000000000000000        0x0 /usr/lib/aarch64-linux-gnu/libc_nonshared.a(elf-init.oS)
 .note.GNU-stack
                0x0000000000000000        0x0 /usr/lib/gcc/aarch64-linux-gnu/7/crtendS.o
 .note.GNU-stack
                0x0000000000000000        0x0 /usr/lib/gcc/aarch64-linux-gnu/7/../../../aarch64-linux-gnu/crtn.o

Memory Configuration

Name             Origin             Length             Attributes
*default*        0x0000000000000000 0xffffffffffffffff

Linker script and memory map

LOAD /usr/lib/gcc/aarch64-linux-gnu/7/../../../aarch64-linux-gnu/Scrt1.o
LOAD /usr/lib/gcc/aarch64-linux-gnu/7/../../../aarch64-linux-gnu/crti.o
LOAD /usr/lib/gcc/aarch64-linux-gnu/7/crtbeginS.o
LOAD main.o
LOAD memory.o
LOAD /usr/lib/gcc/aarch64-linux-gnu/7/libgcc.a
LOAD /usr/lib/gcc/aarch64-linux-gnu/7/libgcc_s.so
LOAD /usr/lib/gcc/aarch64-linux-gnu/7/../../../aarch64-linux-gnu/libc.so
START GROUP
LOAD /lib/aarch64-linux-gnu/libc.so.6
LOAD /usr/lib/aarch64-linux-gnu/libc_nonshared.a
LOAD /lib/aarch64-linux-gnu/ld-linux-aarch64.so.1
END GROUP
LOAD /usr/lib/gcc/aarch64-linux-gnu/7/libgcc.a
LOAD /usr/lib/gcc/aarch64-linux-gnu/7/libgcc_s.so
LOAD /usr/lib/gcc/aarch64-linux-gnu/7/crtendS.o
LOAD /usr/lib/gcc/aarch64-linux-gnu/7/../../../aarch64-linux-gnu/crtn.o
                [!provide]                        PROVIDE (__executable_start = SEGMENT_START ("text-segment", 0x0))
                0x0000000000000200                . = (SEGMENT_START ("text-segment", 0x0) + SIZEOF_HEADERS)

.interp         0x0000000000000200       0x1b
 *(.interp)
 .interp        0x0000000000000200       0x1b /usr/lib/gcc/aarch64-linux-gnu/7/../../../aarch64-linux-gnu/Scrt1.o

.note.ABI-tag   0x000000000000021c       0x20
 .note.ABI-tag  0x000000000000021c       0x20 /usr/lib/gcc/aarch64-linux-gnu/7/../../../aarch64-linux-gnu/Scrt1.o

.note.gnu.build-id
                0x000000000000023c       0x24
 *(.note.gnu.build-id)
 .note.gnu.build-id
                0x000000000000023c       0x24 /usr/lib/gcc/aarch64-linux-gnu/7/../../../aarch64-linux-gnu/Scrt1.o

.hash
 *(.hash)

.gnu.hash       0x0000000000000260       0x1c
 *(.gnu.hash)
 .gnu.hash      0x0000000000000260       0x1c /usr/lib/gcc/aarch64-linux-gnu/7/../../../aarch64-linux-gnu/Scrt1.o

.dynsym         0x0000000000000280       0xf0
 *(.dynsym)
 .dynsym        0x0000000000000280       0xf0 /usr/lib/gcc/aarch64-linux-gnu/7/../../../aarch64-linux-gnu/Scrt1.o

.dynstr         0x0000000000000370       0x8a
 *(.dynstr)
 .dynstr        0x0000000000000370       0x8a /usr/lib/gcc/aarch64-linux-gnu/7/../../../aarch64-linux-gnu/Scrt1.o

.gnu.version    0x00000000000003fa       0x14
 *(.gnu.version)
 .gnu.version   0x00000000000003fa       0x14 /usr/lib/gcc/aarch64-linux-gnu/7/../../../aarch64-linux-gnu/Scrt1.o

.gnu.version_d  0x0000000000000410        0x0
 *(.gnu.version_d)
 .gnu.version_d
                0x0000000000000410        0x0 /usr/lib/gcc/aarch64-linux-gnu/7/../../../aarch64-linux-gnu/Scrt1.o

.gnu.version_r  0x0000000000000410       0x20
 *(.gnu.version_r)
 .gnu.version_r
                0x0000000000000410       0x20 /usr/lib/gcc/aarch64-linux-gnu/7/../../../aarch64-linux-gnu/Scrt1.o

.rela.dyn       0x0000000000000430      0x108
 *(.rela.init)
 *(.rela.text .rela.text.* .rela.gnu.linkonce.t.*)
 *(.rela.fini)
 *(.rela.rodata .rela.rodata.* .rela.gnu.linkonce.r.*)
 *(.rela.data .rela.data.* .rela.gnu.linkonce.d.*)
 .rela.data.rel.ro
                0x0000000000000430        0x0 /usr/lib/gcc/aarch64-linux-gnu/7/../../../aarch64-linux-gnu/Scrt1.o
 .rela.data.rel.local
                0x0000000000000430       0x18 /usr/lib/gcc/aarch64-linux-gnu/7/../../../aarch64-linux-gnu/Scrt1.o
 *(.rela.tdata .rela.tdata.* .rela.gnu.linkonce.td.*)
 *(.rela.tbss .rela.tbss.* .rela.gnu.linkonce.tb.*)
 *(.rela.ctors)
 *(.rela.dtors)
 *(.rela.got)
 .rela.got      0x0000000000000448       0xc0 /usr/lib/gcc/aarch64-linux-gnu/7/../../../aarch64-linux-gnu/Scrt1.o
 *(.rela.bss .rela.bss.* .rela.gnu.linkonce.b.*)
 .rela.bss      0x0000000000000508        0x0 /usr/lib/gcc/aarch64-linux-gnu/7/../../../aarch64-linux-gnu/Scrt1.o
 *(.rela.ifunc)
 .rela.ifunc    0x0000000000000508        0x0 /usr/lib/gcc/aarch64-linux-gnu/7/../../../aarch64-linux-gnu/Scrt1.o
 .rela.fini_array
                0x0000000000000508       0x18 /usr/lib/gcc/aarch64-linux-gnu/7/../../../aarch64-linux-gnu/Scrt1.o
 .rela.init_array
                0x0000000000000520       0x18 /usr/lib/gcc/aarch64-linux-gnu/7/../../../aarch64-linux-gnu/Scrt1.o

.rela.plt       0x0000000000000538       0x78
 *(.rela.plt)
 .rela.plt      0x0000000000000538       0x78 /usr/lib/gcc/aarch64-linux-gnu/7/../../../aarch64-linux-gnu/Scrt1.o
                [!provide]                        PROVIDE (__rela_iplt_start = .)
 *(.rela.iplt)
                [!provide]                        PROVIDE (__rela_iplt_end = .)

.init           0x00000000000005b0       0x14
 *(SORT_NONE(.init))
 .init          0x00000000000005b0        0xc /usr/lib/gcc/aarch64-linux-gnu/7/../../../aarch64-linux-gnu/crti.o
                0x00000000000005b0                _init
 .init          0x00000000000005bc        0x8 /usr/lib/gcc/aarch64-linux-gnu/7/../../../aarch64-linux-gnu/crtn.o

.plt            0x00000000000005d0       0x70
 *(.plt)
 .plt           0x00000000000005d0       0x70 /usr/lib/gcc/aarch64-linux-gnu/7/../../../aarch64-linux-gnu/Scrt1.o
 *(.iplt)

.text           0x0000000000000640      0x3e4
 *(.text.unlikely .text.*_unlikely .text.unlikely.*)
 *(.text.exit .text.exit.*)
 *(.text.startup .text.startup.*)
 *(.text.hot .text.hot.*)
 *(.text .stub .text.* .gnu.linkonce.t.*)
 .text          0x0000000000000640       0x38 /usr/lib/gcc/aarch64-linux-gnu/7/../../../aarch64-linux-gnu/Scrt1.o
                0x0000000000000640                _start
 .text          0x0000000000000678       0x14 /usr/lib/gcc/aarch64-linux-gnu/7/../../../aarch64-linux-gnu/crti.o
 *fill*         0x000000000000068c        0x4 00000000
 .text          0x0000000000000690       0xb4 /usr/lib/gcc/aarch64-linux-gnu/7/crtbeginS.o
 .text          0x0000000000000744      0x158 main.o
                0x0000000000000744                main
 .text          0x000000000000089c      0x100 memory.o
                0x000000000000089c                set_value
                0x00000000000008cc                clear_value
                0x00000000000008f8                get_value
                0x000000000000091c                set_all
                0x0000000000000970                clear_all
 *fill*         0x000000000000099c        0x4 00000000
 .text          0x00000000000009a0       0x84 /usr/lib/aarch64-linux-gnu/libc_nonshared.a(elf-init.oS)
                0x00000000000009a0                __libc_csu_init
                0x0000000000000a20                __libc_csu_fini
 .text          0x0000000000000a24        0x0 /usr/lib/gcc/aarch64-linux-gnu/7/crtendS.o
 .text          0x0000000000000a24        0x0 /usr/lib/gcc/aarch64-linux-gnu/7/../../../aarch64-linux-gnu/crtn.o
 *(.gnu.warning)

.fini           0x0000000000000a24       0x10
 *(SORT_NONE(.fini))
 .fini          0x0000000000000a24        0x8 /usr/lib/gcc/aarch64-linux-gnu/7/../../../aarch64-linux-gnu/crti.o
                0x0000000000000a24                _fini
 .fini          0x0000000000000a2c        0x8 /usr/lib/gcc/aarch64-linux-gnu/7/../../../aarch64-linux-gnu/crtn.o
                [!provide]                        PROVIDE (__etext = .)
                [!provide]                        PROVIDE (_etext = .)
                [!provide]                        PROVIDE (etext = .)

.rodata         0x0000000000000a34        0x4
 *(.rodata .rodata.* .gnu.linkonce.r.*)
 .rodata.cst4   0x0000000000000a34        0x4 /usr/lib/gcc/aarch64-linux-gnu/7/../../../aarch64-linux-gnu/Scrt1.o
                0x0000000000000a34                _IO_stdin_used

.rodata1
 *(.rodata1)

.eh_frame_hdr
 *(.eh_frame_hdr)
 *(.eh_frame_entry .eh_frame_entry.*)

.eh_frame       0x0000000000000a38        0x4
 *(.eh_frame)
 .eh_frame      0x0000000000000a38        0x4 /usr/lib/gcc/aarch64-linux-gnu/7/crtendS.o
 *(.eh_frame.*)

.gcc_except_table
 *(.gcc_except_table .gcc_except_table.*)

.gnu_extab
 *(.gnu_extab*)

.exception_ranges
 *(.exception_ranges .exception_ranges*)
                0x0000000000010d78                . = DATA_SEGMENT_ALIGN (CONSTANT (MAXPAGESIZE), CONSTANT (COMMONPAGESIZE))

.eh_frame
 *(.eh_frame)
 *(.eh_frame.*)

.gnu_extab
 *(.gnu_extab)

.gcc_except_table
 *(.gcc_except_table .gcc_except_table.*)

.exception_ranges
 *(.exception_ranges .exception_ranges*)

.tdata
 *(.tdata .tdata.* .gnu.linkonce.td.*)

.tbss
 *(.tbss .tbss.* .gnu.linkonce.tb.*)
 *(.tcommon)

.preinit_array  0x0000000000010d78        0x0
                [!provide]                        PROVIDE (__preinit_array_start = .)
 *(.preinit_array)
                [!provide]                        PROVIDE (__preinit_array_end = .)

.init_array     0x0000000000010d78        0x8
                0x0000000000010d78                PROVIDE (__init_array_start = .)
 *(SORT_BY_INIT_PRIORITY(.init_array.*) SORT_BY_INIT_PRIORITY(.ctors.*))
 *(.init_array EXCLUDE_FILE(*crtend?.o *crtend.o *crtbegin?.o *crtbegin.o) .ctors)
 .init_array    0x0000000000010d78        0x8 /usr/lib/gcc/aarch64-linux-gnu/7/crtbeginS.o
                0x0000000000010d80                PROVIDE (__init_array_end = .)

.fini_array     0x0000000000010d80        0x8
                [!provide]                        PROVIDE (__fini_array_start = .)
 *(SORT_BY_INIT_PRIORITY(.fini_array.*) SORT_BY_INIT_PRIORITY(.dtors.*))
 *(.fini_array EXCLUDE_FILE(*crtend?.o *crtend.o *crtbegin?.o *crtbegin.o) .dtors)
 .fini_array    0x0000000000010d80        0x8 /usr/lib/gcc/aarch64-linux-gnu/7/crtbeginS.o
                [!provide]                        PROVIDE (__fini_array_end = .)

.ctors
 *crtbegin.o(.ctors)
 *crtbegin?.o(.ctors)
 *(EXCLUDE_FILE(*crtend?.o *crtend.o) .ctors)
 *(SORT_BY_NAME(.ctors.*))
 *(.ctors)

.dtors
 *crtbegin.o(.dtors)
 *crtbegin?.o(.dtors)
 *(EXCLUDE_FILE(*crtend?.o *crtend.o) .dtors)
 *(SORT_BY_NAME(.dtors.*))
 *(.dtors)

.jcr
 *(.jcr)

.data.rel.ro    0x0000000000010d88        0x0
 *(.data.rel.ro.local* .gnu.linkonce.d.rel.ro.local.*)
 *(.data.rel.ro .data.rel.ro.* .gnu.linkonce.d.rel.ro.*)
 .data.rel.ro   0x0000000000010d88        0x0 /usr/lib/gcc/aarch64-linux-gnu/7/../../../aarch64-linux-gnu/Scrt1.o

.dynamic        0x0000000000010d88      0x1f0
 *(.dynamic)
 .dynamic       0x0000000000010d88      0x1f0 /usr/lib/gcc/aarch64-linux-gnu/7/../../../aarch64-linux-gnu/Scrt1.o
                0x0000000000010d88                _DYNAMIC

.got            0x0000000000010f78       0x88
 *(.got.plt)
 .got.plt       0x0000000000010f78       0x40 /usr/lib/gcc/aarch64-linux-gnu/7/../../../aarch64-linux-gnu/Scrt1.o
 *(.igot.plt)
 *(.got)
 .got           0x0000000000010fb8       0x48 /usr/lib/gcc/aarch64-linux-gnu/7/../../../aarch64-linux-gnu/Scrt1.o
                0x0000000000010fb8                _GLOBAL_OFFSET_TABLE_
 *(.igot)
                0x0000000000011000                . = DATA_SEGMENT_RELRO_END (., 0x0)

.data           0x0000000000011000       0x10
                [!provide]                        PROVIDE (__data_start = .)
 *(.data .data.* .gnu.linkonce.d.*)
 .data          0x0000000000011000        0x4 /usr/lib/gcc/aarch64-linux-gnu/7/../../../aarch64-linux-gnu/Scrt1.o
                0x0000000000011000                data_start
                0x0000000000011000                __data_start
 .data          0x0000000000011004        0x0 /usr/lib/gcc/aarch64-linux-gnu/7/../../../aarch64-linux-gnu/crti.o
 .data          0x0000000000011004        0x0 /usr/lib/gcc/aarch64-linux-gnu/7/crtbeginS.o
 *fill*         0x0000000000011004        0x4 
 .data.rel.local
                0x0000000000011008        0x8 /usr/lib/gcc/aarch64-linux-gnu/7/crtbeginS.o
                0x0000000000011008                __dso_handle
 .data          0x0000000000011010        0x0 main.o
 .data          0x0000000000011010        0x0 memory.o
 .data          0x0000000000011010        0x0 /usr/lib/aarch64-linux-gnu/libc_nonshared.a(elf-init.oS)
 .data          0x0000000000011010        0x0 /usr/lib/gcc/aarch64-linux-gnu/7/crtendS.o
 .data          0x0000000000011010        0x0 /usr/lib/gcc/aarch64-linux-gnu/7/../../../aarch64-linux-gnu/crtn.o

.tm_clone_table
                0x0000000000011010        0x0
 .tm_clone_table
                0x0000000000011010        0x0 /usr/lib/gcc/aarch64-linux-gnu/7/crtbeginS.o
 .tm_clone_table
                0x0000000000011010        0x0 /usr/lib/gcc/aarch64-linux-gnu/7/crtendS.o

.data1
 *(.data1)
                0x0000000000011010                _edata = .
                [!provide]                        PROVIDE (edata = .)
                0x0000000000011010                . = .
                0x0000000000011010                __bss_start = .
                0x0000000000011010                __bss_start__ = .

.bss            0x0000000000011010       0x18
 *(.dynbss)
 .dynbss        0x0000000000011010        0x0 /usr/lib/gcc/aarch64-linux-gnu/7/../../../aarch64-linux-gnu/Scrt1.o
 *(.bss .bss.* .gnu.linkonce.b.*)
 .bss           0x0000000000011010        0x0 /usr/lib/gcc/aarch64-linux-gnu/7/../../../aarch64-linux-gnu/Scrt1.o
 .bss           0x0000000000011010        0x0 /usr/lib/gcc/aarch64-linux-gnu/7/../../../aarch64-linux-gnu/crti.o
 .bss           0x0000000000011010        0x1 /usr/lib/gcc/aarch64-linux-gnu/7/crtbeginS.o
 .bss           0x0000000000011011        0x0 main.o
 .bss           0x0000000000011011        0x0 memory.o
 .bss           0x0000000000011011        0x0 /usr/lib/aarch64-linux-gnu/libc_nonshared.a(elf-init.oS)
 .bss           0x0000000000011011        0x0 /usr/lib/gcc/aarch64-linux-gnu/7/crtendS.o
 .bss           0x0000000000011011        0x0 /usr/lib/gcc/aarch64-linux-gnu/7/../../../aarch64-linux-gnu/crtn.o
 *(COMMON)
 *fill*         0x0000000000011011        0x7 
 COMMON         0x0000000000011018        0xa main.o
                0x0000000000011018                buffer
                0x0000000000011028                . = ALIGN ((. != 0x0)?0x8:0x1)
 *fill*         0x0000000000011022        0x6 
                0x0000000000011028                _bss_end__ = .
                0x0000000000011028                __bss_end__ = .
                0x0000000000011028                . = ALIGN (0x8)
                0x0000000000011028                . = SEGMENT_START ("ldata-segment", .)
                0x0000000000011028                . = ALIGN (0x8)
                0x0000000000011028                __end__ = .
                0x0000000000011028                _end = .
                [!provide]                        PROVIDE (end = .)
                0x0000000000011028                . = DATA_SEGMENT_END (.)

.stab
 *(.stab)

.stabstr
 *(.stabstr)

.stab.excl
 *(.stab.excl)

.stab.exclstr
 *(.stab.exclstr)

.stab.index
 *(.stab.index)

.stab.indexstr
 *(.stab.indexstr)

.comment        0x0000000000000000       0x30
 *(.comment)
 .comment       0x0000000000000000       0x30 /usr/lib/gcc/aarch64-linux-gnu/7/crtbeginS.o
                                         0x31 (size before relaxing)
 .comment       0x0000000000000030       0x31 main.o
 .comment       0x0000000000000030       0x31 memory.o
 .comment       0x0000000000000030       0x31 /usr/lib/gcc/aarch64-linux-gnu/7/crtendS.o

.debug
 *(.debug)

.line
 *(.line)

.debug_srcinfo
 *(.debug_srcinfo)

.debug_sfnames
 *(.debug_sfnames)

.debug_aranges  0x0000000000000000       0x60
 *(.debug_aranges)
 .debug_aranges
                0x0000000000000000       0x30 main.o
 .debug_aranges
                0x0000000000000030       0x30 memory.o

.debug_pubnames
 *(.debug_pubnames)

.debug_info     0x0000000000000000      0x4b3
 *(.debug_info .gnu.linkonce.wi.*)
 .debug_info    0x0000000000000000      0x327 main.o
 .debug_info    0x0000000000000327      0x18c memory.o

.debug_abbrev   0x0000000000000000      0x1a8
 *(.debug_abbrev)
 .debug_abbrev  0x0000000000000000      0x105 main.o
 .debug_abbrev  0x0000000000000105       0xa3 memory.o

.debug_line     0x0000000000000000      0x13d
 *(.debug_line .debug_line.* .debug_line_end)
 .debug_line    0x0000000000000000       0xe2 main.o
 .debug_line    0x00000000000000e2       0x5b memory.o

.debug_frame    0x0000000000000000      0x108
 *(.debug_frame)
 .debug_frame   0x0000000000000000       0x40 main.o
 .debug_frame   0x0000000000000040       0xc8 memory.o

.debug_str      0x0000000000000000      0x2d0
 *(.debug_str)
 .debug_str     0x0000000000000000      0x28a main.o
                                        0x2b6 (size before relaxing)
 .debug_str     0x000000000000028a       0x46 memory.o
                                         0xce (size before relaxing)

.debug_loc
 *(.debug_loc)

.debug_macinfo
 *(.debug_macinfo)

.debug_weaknames
 *(.debug_weaknames)

.debug_funcnames
 *(.debug_funcnames)

.debug_typenames
 *(.debug_typenames)

.debug_varnames
 *(.debug_varnames)

.debug_pubtypes
 *(.debug_pubtypes)

.debug_ranges
 *(.debug_ranges)

.debug_macro
 *(.debug_macro)

.debug_addr
 *(.debug_addr)

.ARM.attributes
 *(.ARM.attributes)
 *(.gnu.attributes)

.note.gnu.arm.ident
 *(.note.gnu.arm.ident)

/DISCARD/
 *(.note.GNU-stack)
 *(.gnu_debuglink)
 *(.gnu.lto_*)
OUTPUT(c1m2.out elf64-littleaarch64)
